// Jest Snapshot v1, https://goo.gl/fbAQLP

exports[`#render: can be built as a static method 1`] = `"<apptentive-message-center class="fixed corner" id="apptentive-message-center-55bae8ef35878bc3c6000582"><div class="apptentive-appbar"><div class="apptentive-appbar__icon"></div><h1 class="apptentive-appbar__title" tabindex="0">Message Center</h1><div class="apptentive-appbar__actions"><div class="apptentive-appbar__action apptentive-appbar__action--minimize" id="message-center__action--minimize" style="width: 32px; height: 32px;" role="button" aria-label="minimize" tabindex="0"></div><div class="apptentive-appbar__action apptentive-appbar__action--close" id="message-center__action--close" style="width: 32px; height: 32px;" role="button" aria-label="close" tabindex="0"></div></div></div><div class="apptentive-interaction__confirm-wrapper closed"></div><div class="apptentive-message-center__content"><div class="apptentive-intro"><p class="apptentive-typography__lead">Please let us know how to make Apptentive better for you!</p></div><div class="apptentive-message-center-greeting"><h2 class="apptentive-message-center-greeting__title apptentive-typography__header">Hello!</h2><p class="apptentive-typography__body">We'd love to get feedback from you on our app. The more details you can provide, the better.</p></div><div class="apptentive-message-center-feedback"><textarea class="apptentive-textinput" name="response" required="" placeholder="Please leave detailed feedback" rows="4"></textarea></div><div class="apptentive-message-center-profile"><h2 class="apptentive-message-center-profile__title apptentive-typography__body">Who are we speaking with?</h2><label class="apptentive-message-center-profile__name"><input type="text" class="apptentive-textinput" placeholder="Name"></label><label class="apptentive-message-center-profile__email"><input type="email" class="apptentive-textinput" placeholder="Email" required=""></label></div><div class="apptentive-message-center__actions"><button type="button" class="apptentive-button--primary">Send</button><apptentive-errors class="apptentive-errors" style="display: none;"></apptentive-errors></div></div><apptentive-message-center-thank-you style="display: none;" class="apptentive-message"><div class="apptentive-message__content-wrapper"><p class="apptentive-message__content">We will get back to you soon!</p></div><div class="apptentive-message__actions"><button class="apptentive-button--primary" title="Close">Close</button></div></apptentive-message-center-thank-you><footer class="apptentive-footer"></footer></apptentive-message-center>"`;

exports[`#render: should render a DOM element on the page 1`] = `"<apptentive-message-center class="fixed corner" id="apptentive-message-center-55bae8ef35878bc3c6000582"><div class="apptentive-appbar"><div class="apptentive-appbar__icon"></div><h1 class="apptentive-appbar__title" tabindex="0">Message Center</h1><div class="apptentive-appbar__actions"><div class="apptentive-appbar__action apptentive-appbar__action--minimize" id="message-center__action--minimize" style="width: 32px; height: 32px;" role="button" aria-label="minimize" tabindex="0"></div><div class="apptentive-appbar__action apptentive-appbar__action--close" id="message-center__action--close" style="width: 32px; height: 32px;" role="button" aria-label="close" tabindex="0"></div></div></div><div class="apptentive-interaction__confirm-wrapper closed"></div><div class="apptentive-message-center__content"><div class="apptentive-intro"><p class="apptentive-typography__lead">Please let us know how to make Apptentive better for you!</p></div><div class="apptentive-message-center-greeting"><h2 class="apptentive-message-center-greeting__title apptentive-typography__header">Hello!</h2><p class="apptentive-typography__body">We'd love to get feedback from you on our app. The more details you can provide, the better.</p></div><div class="apptentive-message-center-feedback"><textarea class="apptentive-textinput" name="response" required="" placeholder="Please leave detailed feedback" rows="4"></textarea></div><div class="apptentive-message-center-profile"><h2 class="apptentive-message-center-profile__title apptentive-typography__body">Who are we speaking with?</h2><label class="apptentive-message-center-profile__name"><input type="text" class="apptentive-textinput" placeholder="Name"></label><label class="apptentive-message-center-profile__email"><input type="email" class="apptentive-textinput" placeholder="Email" required=""></label></div><div class="apptentive-message-center__actions"><button type="button" class="apptentive-button--primary">Send</button><apptentive-errors class="apptentive-errors" style="display: none;"></apptentive-errors></div></div><apptentive-message-center-thank-you style="display: none;" class="apptentive-message"><div class="apptentive-message__content-wrapper"><p class="apptentive-message__content">We will get back to you soon!</p></div><div class="apptentive-message__actions"><button class="apptentive-button--primary" title="Close">Close</button></div></apptentive-message-center-thank-you><footer class="apptentive-footer"></footer></apptentive-message-center>"`;
