// Jest Snapshot v1, https://goo.gl/fbAQLP

exports[`#render: can be built as a static method 1`] = `"<apptentive-survey class="fixed corner" id="apptentive-survey-SURVEY_PAGED_ID" role="dialog"><div class="apptentive-appbar"><div class="apptentive-appbar__icon"></div><h1 class="apptentive-appbar__title" tabindex="0">Some Name</h1><div class="apptentive-appbar__actions"><div class="apptentive-appbar__action apptentive-appbar__action--minimize" id="some-name__action--minimize" style="width: 32px; height: 32px;" role="button" aria-label="minimize" tabindex="0"></div><div class="apptentive-appbar__action apptentive-appbar__action--close" id="some-name__action--close" style="width: 32px; height: 32px;" role="button" aria-label="close" tabindex="0"></div></div></div><form class="apptentive-survey-questions apptentive-survey-questions--paged" action="https://apptentive.com"><div class="apptentive-interaction__confirm-wrapper closed"></div><div class="apptentive-survey__question-wrapper"><question class="apptentive-survey-question multichoice" id="question-4e32ffff-e858-45d1-b7e9-ba729ef43834"><h2 class="apptentive-survey-question-value">What sports do you like?</h2><question-instructions>Required (select one)</question-instructions><fieldset><legend>Options</legend><answer-choices><answer-choice id="choice-container-cba17a56-8f6b-4cf0-a7f2-ce967a89afef"><input id="choice-input-cba17a56-8f6b-4cf0-a7f2-ce967a89afef" class="multichoice" type="radio" name="4e32ffff-e858-45d1-b7e9-ba729ef43834" value="cba17a56-8f6b-4cf0-a7f2-ce967a89afef" title="Fencing" tabindex="0"><label for="choice-input-cba17a56-8f6b-4cf0-a7f2-ce967a89afef">Fencing</label></answer-choice><answer-choice id="choice-container-b58de0dc-a2b7-49c6-8787-a6df496699a7"><input id="choice-input-b58de0dc-a2b7-49c6-8787-a6df496699a7" class="multichoice" type="radio" name="4e32ffff-e858-45d1-b7e9-ba729ef43834" value="b58de0dc-a2b7-49c6-8787-a6df496699a7" title="Quidditch" tabindex="0"><label for="choice-input-b58de0dc-a2b7-49c6-8787-a6df496699a7">Quidditch</label></answer-choice><answer-choice id="choice-container-b58de0dc-a2b7-49c6-8787-a6df496699a8"><input id="choice-input-b58de0dc-a2b7-49c6-8787-a6df496699a8" class="multichoice" type="radio" name="4e32ffff-e858-45d1-b7e9-ba729ef43834" value="b58de0dc-a2b7-49c6-8787-a6df496699a8" title="Other-123" tabindex="0"><input class="other-input" id="choice-other-input-b58de0dc-a2b7-49c6-8787-a6df496699a8" type="text" name="4e32ffff-e858-45d1-b7e9-ba729ef43834-other" title="Other-123" tabindex="0" placeholder="Other-123"></answer-choice></answer-choices></fieldset></question></div><div class="apptentive-survey__actions-wrapper"><button type="button" class="apptentive-survey__button" title="Continue" tabindex="0">Continue</button><apptentive-errors class="apptentive-errors" style="display: none;"></apptentive-errors><div class="apptentive-progress__wrapper"><ul class="apptentive-step-indicator"><li class="apptentive-step-indicator__item apptentive-step-indicator__item--current"></li><li class="apptentive-step-indicator__item"></li><li class="apptentive-step-indicator__item"></li><li class="apptentive-step-indicator__item"></li><li class="apptentive-step-indicator__item"></li><li class="apptentive-step-indicator__item"></li><li class="apptentive-step-indicator__item"></li><li class="apptentive-step-indicator__item"></li></ul></div></div></form><apptentive-survey-thank-you style="display: none;" class="apptentive-message"><div class="apptentive-message__content-wrapper"><p class="apptentive-message__content">Thank you!</p></div><div class="apptentive-message__actions apptentive-message__actions--tall"><button class="apptentive-button--primary" title="Close">Close</button></div></apptentive-survey-thank-you><footer class="apptentive-survey-footer"><a class="apptentive-survey-footer__link" href="https://www.example.com/" target="_blank">Terms &amp; Conditions</a></footer></apptentive-survey>"`;

exports[`#render: should render a DOM element on the page 1`] = `"<apptentive-survey class="fixed corner" id="apptentive-survey-SURVEY_PAGED_ID" role="dialog"><div class="apptentive-appbar"><div class="apptentive-appbar__icon"></div><h1 class="apptentive-appbar__title" tabindex="0">Some Name</h1><div class="apptentive-appbar__actions"><div class="apptentive-appbar__action apptentive-appbar__action--minimize" id="some-name__action--minimize" style="width: 32px; height: 32px;" role="button" aria-label="minimize" tabindex="0"></div><div class="apptentive-appbar__action apptentive-appbar__action--close" id="some-name__action--close" style="width: 32px; height: 32px;" role="button" aria-label="close" tabindex="0"></div></div></div><form class="apptentive-survey-questions apptentive-survey-questions--paged" action="https://apptentive.com"><div class="apptentive-interaction__confirm-wrapper closed"></div><div class="apptentive-survey__question-wrapper"><question class="apptentive-survey-question multichoice" id="question-4e32ffff-e858-45d1-b7e9-ba729ef43834"><h2 class="apptentive-survey-question-value">What sports do you like?</h2><question-instructions>Required (select one)</question-instructions><fieldset><legend>Options</legend><answer-choices><answer-choice id="choice-container-cba17a56-8f6b-4cf0-a7f2-ce967a89afef"><input id="choice-input-cba17a56-8f6b-4cf0-a7f2-ce967a89afef" class="multichoice" type="radio" name="4e32ffff-e858-45d1-b7e9-ba729ef43834" value="cba17a56-8f6b-4cf0-a7f2-ce967a89afef" title="Fencing" tabindex="0"><label for="choice-input-cba17a56-8f6b-4cf0-a7f2-ce967a89afef">Fencing</label></answer-choice><answer-choice id="choice-container-b58de0dc-a2b7-49c6-8787-a6df496699a7"><input id="choice-input-b58de0dc-a2b7-49c6-8787-a6df496699a7" class="multichoice" type="radio" name="4e32ffff-e858-45d1-b7e9-ba729ef43834" value="b58de0dc-a2b7-49c6-8787-a6df496699a7" title="Quidditch" tabindex="0"><label for="choice-input-b58de0dc-a2b7-49c6-8787-a6df496699a7">Quidditch</label></answer-choice><answer-choice id="choice-container-b58de0dc-a2b7-49c6-8787-a6df496699a8"><input id="choice-input-b58de0dc-a2b7-49c6-8787-a6df496699a8" class="multichoice" type="radio" name="4e32ffff-e858-45d1-b7e9-ba729ef43834" value="b58de0dc-a2b7-49c6-8787-a6df496699a8" title="Other-123" tabindex="0"><input class="other-input" id="choice-other-input-b58de0dc-a2b7-49c6-8787-a6df496699a8" type="text" name="4e32ffff-e858-45d1-b7e9-ba729ef43834-other" title="Other-123" tabindex="0" placeholder="Other-123"></answer-choice></answer-choices></fieldset></question></div><div class="apptentive-survey__actions-wrapper"><button type="button" class="apptentive-survey__button" title="Continue" tabindex="0">Continue</button><apptentive-errors class="apptentive-errors" style="display: none;"></apptentive-errors><div class="apptentive-progress__wrapper"><ul class="apptentive-step-indicator"><li class="apptentive-step-indicator__item apptentive-step-indicator__item--current"></li><li class="apptentive-step-indicator__item"></li><li class="apptentive-step-indicator__item"></li><li class="apptentive-step-indicator__item"></li><li class="apptentive-step-indicator__item"></li><li class="apptentive-step-indicator__item"></li><li class="apptentive-step-indicator__item"></li><li class="apptentive-step-indicator__item"></li></ul></div></div></form><apptentive-survey-thank-you style="display: none;" class="apptentive-message"><div class="apptentive-message__content-wrapper"><p class="apptentive-message__content">Thank you!</p></div><div class="apptentive-message__actions apptentive-message__actions--tall"><button class="apptentive-button--primary" title="Close">Close</button></div></apptentive-survey-thank-you><footer class="apptentive-survey-footer"><a class="apptentive-survey-footer__link" href="https://www.example.com/" target="_blank">Terms &amp; Conditions</a></footer></apptentive-survey>"`;
