// Jest Snapshot v1, https://goo.gl/fbAQLP

exports[`#render: can be built as a static method 1`] = `"<apptentive-survey class="fixed corner" id="apptentive-survey-survey-id-1" role="dialog"><div class="apptentive-appbar"><div class="apptentive-appbar__icon"></div><h1 class="apptentive-appbar__title" tabindex="0">test survey</h1><div class="apptentive-appbar__actions"><div class="apptentive-appbar__action apptentive-appbar__action--minimize" id="test-survey__action--minimize" style="width: 32px; height: 32px;" role="button" aria-label="minimize" tabindex="0"></div><div class="apptentive-appbar__action apptentive-appbar__action--close" id="test-survey__action--close" style="width: 32px; height: 32px;" role="button" aria-label="close" tabindex="0"></div></div></div><div class="apptentive-interaction__confirm-wrapper closed"></div><form class="apptentive-survey-questions apptentive-survey-questions--list" action="https://apptentive.com"><div class="apptentive-survey__question-wrapper"><div class="apptentive-survey-intro"></div><question class="apptentive-survey-question multichoice" id="question-multichoice-question"><h2 class="apptentive-survey-question-value">Which would you like to see first?</h2><question-instructions>(select one)</question-instructions><fieldset><legend>Options</legend><answer-choices><answer-choice id="choice-container-multichoice-answer-1"><input id="choice-input-multichoice-answer-1" class="multichoice" type="radio" name="multichoice-question" value="multichoice-answer-1" title="Better user interface" tabindex="0"><label for="choice-input-multichoice-answer-1">Better user interface</label></answer-choice><answer-choice id="choice-container-multichoice-answer-2"><input id="choice-input-multichoice-answer-2" class="multichoice" type="radio" name="multichoice-question" value="multichoice-answer-2" title="Cloud support" tabindex="0"><label for="choice-input-multichoice-answer-2">Cloud support</label></answer-choice><answer-choice id="choice-container-multichoice-answer-3"><input id="choice-input-multichoice-answer-3" class="multichoice" type="radio" name="multichoice-question" value="multichoice-answer-3" title="Login with Facebook / Google / Twitter" tabindex="0"><label for="choice-input-multichoice-answer-3">Login with Facebook / Google / Twitter</label></answer-choice><answer-choice id="choice-container-multichoice-answer-other"><input id="choice-input-multichoice-answer-other" class="multichoice" type="radio" name="multichoice-question" value="multichoice-answer-other" title="Other (Please Specify)" tabindex="0"><input class="other-input" id="choice-other-input-multichoice-answer-other" type="text" name="multichoice-question-other" title="Other (Please Specify)" tabindex="0" placeholder="Other (Please Specify)"></answer-choice></answer-choices></fieldset></question><question class="apptentive-survey-question multiselect" id="question-multiselect-question"><h2 class="apptentive-survey-question-value">Which two qualities for an app are the most important to you?</h2><question-instructions>Required (select up to 2)</question-instructions><fieldset><legend>Options</legend><answer-choices><answer-choice id="choice-container-multiselect-answer-1"><input id="choice-input-multiselect-answer-1" class="multiselect" type="checkbox" name="multiselect-question" value="multiselect-answer-1" title="Speed" tabindex="0"><label for="choice-input-multiselect-answer-1">Speed</label></answer-choice><answer-choice id="choice-container-multiselect-answer-2"><input id="choice-input-multiselect-answer-2" class="multiselect" type="checkbox" name="multiselect-question" value="multiselect-answer-2" title="Easy to use" tabindex="0"><label for="choice-input-multiselect-answer-2">Easy to use</label></answer-choice><answer-choice id="choice-container-multiselect-answer-3"><input id="choice-input-multiselect-answer-3" class="multiselect" type="checkbox" name="multiselect-question" value="multiselect-answer-3" title="Reliability" tabindex="0"><label for="choice-input-multiselect-answer-3">Reliability</label></answer-choice><answer-choice id="choice-container-multiselect-answer-4"><input id="choice-input-multiselect-answer-4" class="multiselect" type="checkbox" name="multiselect-question" value="multiselect-answer-4" title="Works offline" tabindex="0"><label for="choice-input-multiselect-answer-4">Works offline</label></answer-choice><answer-choice id="choice-container-multiselect-answer-other"><input id="choice-input-multiselect-answer-other" class="multiselect" type="checkbox" name="multiselect-question" value="multiselect-answer-other" title="Other (Please Specify)" tabindex="0"><input class="other-input" id="choice-other-input-multiselect-answer-other" type="text" name="multiselect-question-other" title="Other (Please Specify)" tabindex="0" placeholder="Other (Please Specify)"></answer-choice></answer-choices></fieldset></question><question class="apptentive-survey-question singleline" id="question-singleline-question"><h2 class="apptentive-survey-question-value">Is there anything you'd like to add?</h2><question-instructions></question-instructions><answer-choices><answer-choice class="choice-container"><input type="text" class="singleline" name="singleline-question" title="Is there anything you'd like to add?" tabindex="0" aria-label="Is there anything you'd like to add?" placeholder="Enter any feedback you have"></answer-choice></answer-choices></question><question class="apptentive-survey-question singleline" id="question-multiline-question"><h2 class="apptentive-survey-question-value">Is there anything you'd like to add?</h2><question-instructions></question-instructions><answer-choices><answer-choice class="choice-container"><textarea rows="4" class="singleline" name="multiline-question" title="Is there anything you'd like to add?" tabindex="0" aria-label="Is there anything you'd like to add?"></textarea></answer-choice></answer-choices></question><question class="apptentive-survey-question nps" id="question-nps-question"><h2 class="apptentive-survey-question-value">How likely is it that you would recommend this app to a friend or colleague?</h2><question-instructions></question-instructions><answer-choice-container><fieldset><legend>Options</legend><answer-choices><answer-choice id="choice-container-nps-question-0"><input id="choice-input-nps-question-0" type="radio" class="range-option" name="nps-question" value="0" tabindex="0"><label for="choice-input-nps-question-0">0</label></answer-choice><answer-choice id="choice-container-nps-question-1"><input id="choice-input-nps-question-1" type="radio" class="range-option" name="nps-question" value="1" tabindex="0"><label for="choice-input-nps-question-1">1</label></answer-choice><answer-choice id="choice-container-nps-question-2"><input id="choice-input-nps-question-2" type="radio" class="range-option" name="nps-question" value="2" tabindex="0"><label for="choice-input-nps-question-2">2</label></answer-choice><answer-choice id="choice-container-nps-question-3"><input id="choice-input-nps-question-3" type="radio" class="range-option" name="nps-question" value="3" tabindex="0"><label for="choice-input-nps-question-3">3</label></answer-choice><answer-choice id="choice-container-nps-question-4"><input id="choice-input-nps-question-4" type="radio" class="range-option" name="nps-question" value="4" tabindex="0"><label for="choice-input-nps-question-4">4</label></answer-choice><answer-choice id="choice-container-nps-question-5"><input id="choice-input-nps-question-5" type="radio" class="range-option" name="nps-question" value="5" tabindex="0"><label for="choice-input-nps-question-5">5</label></answer-choice><answer-choice id="choice-container-nps-question-6"><input id="choice-input-nps-question-6" type="radio" class="range-option" name="nps-question" value="6" tabindex="0"><label for="choice-input-nps-question-6">6</label></answer-choice><answer-choice id="choice-container-nps-question-7"><input id="choice-input-nps-question-7" type="radio" class="range-option" name="nps-question" value="7" tabindex="0"><label for="choice-input-nps-question-7">7</label></answer-choice><answer-choice id="choice-container-nps-question-8"><input id="choice-input-nps-question-8" type="radio" class="range-option" name="nps-question" value="8" tabindex="0"><label for="choice-input-nps-question-8">8</label></answer-choice><answer-choice id="choice-container-nps-question-9"><input id="choice-input-nps-question-9" type="radio" class="range-option" name="nps-question" value="9" tabindex="0"><label for="choice-input-nps-question-9">9</label></answer-choice><answer-choice id="choice-container-nps-question-10"><input id="choice-input-nps-question-10" type="radio" class="range-option" name="nps-question" value="10" tabindex="0"><label for="choice-input-nps-question-10">10</label></answer-choice></answer-choices></fieldset><answer-choice-labels><answer-min-label>Not at all likely</answer-min-label><answer-max-label>Extremely likely</answer-max-label></answer-choice-labels></answer-choice-container></question><button type="button" class="submit" title="Submit" tabindex="0">Submit</button><apptentive-errors class="apptentive-errors" style="display: none;"></apptentive-errors></div></form><apptentive-survey-thank-you style="display: none;" class="apptentive-message"><div class="apptentive-message__content-wrapper"><p class="apptentive-message__content">Thank you!</p></div><div class="apptentive-message__actions"><button class="apptentive-button--primary" title="Close">Close</button></div></apptentive-survey-thank-you><footer class="apptentive-survey-footer"><a class="apptentive-survey-footer__link" href="Contact Us!" target="_blank">http://www.apptentive.com/</a></footer></apptentive-survey>"`;

exports[`#render: should render a DOM element on the page 1`] = `"<apptentive-survey class="fixed corner" id="apptentive-survey-survey-id-1" role="dialog"><div class="apptentive-appbar"><div class="apptentive-appbar__icon"></div><h1 class="apptentive-appbar__title" tabindex="0">test survey</h1><div class="apptentive-appbar__actions"><div class="apptentive-appbar__action apptentive-appbar__action--minimize" id="test-survey__action--minimize" style="width: 32px; height: 32px;" role="button" aria-label="minimize" tabindex="0"></div><div class="apptentive-appbar__action apptentive-appbar__action--close" id="test-survey__action--close" style="width: 32px; height: 32px;" role="button" aria-label="close" tabindex="0"></div></div></div><div class="apptentive-interaction__confirm-wrapper closed"></div><form class="apptentive-survey-questions apptentive-survey-questions--list" action="https://apptentive.com"><div class="apptentive-survey__question-wrapper"><div class="apptentive-survey-intro"></div><question class="apptentive-survey-question multichoice" id="question-multichoice-question"><h2 class="apptentive-survey-question-value">Which would you like to see first?</h2><question-instructions>(select one)</question-instructions><fieldset><legend>Options</legend><answer-choices><answer-choice id="choice-container-multichoice-answer-1"><input id="choice-input-multichoice-answer-1" class="multichoice" type="radio" name="multichoice-question" value="multichoice-answer-1" title="Better user interface" tabindex="0"><label for="choice-input-multichoice-answer-1">Better user interface</label></answer-choice><answer-choice id="choice-container-multichoice-answer-2"><input id="choice-input-multichoice-answer-2" class="multichoice" type="radio" name="multichoice-question" value="multichoice-answer-2" title="Cloud support" tabindex="0"><label for="choice-input-multichoice-answer-2">Cloud support</label></answer-choice><answer-choice id="choice-container-multichoice-answer-3"><input id="choice-input-multichoice-answer-3" class="multichoice" type="radio" name="multichoice-question" value="multichoice-answer-3" title="Login with Facebook / Google / Twitter" tabindex="0"><label for="choice-input-multichoice-answer-3">Login with Facebook / Google / Twitter</label></answer-choice><answer-choice id="choice-container-multichoice-answer-other"><input id="choice-input-multichoice-answer-other" class="multichoice" type="radio" name="multichoice-question" value="multichoice-answer-other" title="Other (Please Specify)" tabindex="0"><input class="other-input" id="choice-other-input-multichoice-answer-other" type="text" name="multichoice-question-other" title="Other (Please Specify)" tabindex="0" placeholder="Other (Please Specify)"></answer-choice></answer-choices></fieldset></question><question class="apptentive-survey-question multiselect" id="question-multiselect-question"><h2 class="apptentive-survey-question-value">Which two qualities for an app are the most important to you?</h2><question-instructions>Required (select up to 2)</question-instructions><fieldset><legend>Options</legend><answer-choices><answer-choice id="choice-container-multiselect-answer-1"><input id="choice-input-multiselect-answer-1" class="multiselect" type="checkbox" name="multiselect-question" value="multiselect-answer-1" title="Speed" tabindex="0"><label for="choice-input-multiselect-answer-1">Speed</label></answer-choice><answer-choice id="choice-container-multiselect-answer-2"><input id="choice-input-multiselect-answer-2" class="multiselect" type="checkbox" name="multiselect-question" value="multiselect-answer-2" title="Easy to use" tabindex="0"><label for="choice-input-multiselect-answer-2">Easy to use</label></answer-choice><answer-choice id="choice-container-multiselect-answer-3"><input id="choice-input-multiselect-answer-3" class="multiselect" type="checkbox" name="multiselect-question" value="multiselect-answer-3" title="Reliability" tabindex="0"><label for="choice-input-multiselect-answer-3">Reliability</label></answer-choice><answer-choice id="choice-container-multiselect-answer-4"><input id="choice-input-multiselect-answer-4" class="multiselect" type="checkbox" name="multiselect-question" value="multiselect-answer-4" title="Works offline" tabindex="0"><label for="choice-input-multiselect-answer-4">Works offline</label></answer-choice><answer-choice id="choice-container-multiselect-answer-other"><input id="choice-input-multiselect-answer-other" class="multiselect" type="checkbox" name="multiselect-question" value="multiselect-answer-other" title="Other (Please Specify)" tabindex="0"><input class="other-input" id="choice-other-input-multiselect-answer-other" type="text" name="multiselect-question-other" title="Other (Please Specify)" tabindex="0" placeholder="Other (Please Specify)"></answer-choice></answer-choices></fieldset></question><question class="apptentive-survey-question singleline" id="question-singleline-question"><h2 class="apptentive-survey-question-value">Is there anything you'd like to add?</h2><question-instructions></question-instructions><answer-choices><answer-choice class="choice-container"><input type="text" class="singleline" name="singleline-question" title="Is there anything you'd like to add?" tabindex="0" aria-label="Is there anything you'd like to add?" placeholder="Enter any feedback you have"></answer-choice></answer-choices></question><question class="apptentive-survey-question singleline" id="question-multiline-question"><h2 class="apptentive-survey-question-value">Is there anything you'd like to add?</h2><question-instructions></question-instructions><answer-choices><answer-choice class="choice-container"><textarea rows="4" class="singleline" name="multiline-question" title="Is there anything you'd like to add?" tabindex="0" aria-label="Is there anything you'd like to add?"></textarea></answer-choice></answer-choices></question><question class="apptentive-survey-question nps" id="question-nps-question"><h2 class="apptentive-survey-question-value">How likely is it that you would recommend this app to a friend or colleague?</h2><question-instructions></question-instructions><answer-choice-container><fieldset><legend>Options</legend><answer-choices><answer-choice id="choice-container-nps-question-0"><input id="choice-input-nps-question-0" type="radio" class="range-option" name="nps-question" value="0" tabindex="0"><label for="choice-input-nps-question-0">0</label></answer-choice><answer-choice id="choice-container-nps-question-1"><input id="choice-input-nps-question-1" type="radio" class="range-option" name="nps-question" value="1" tabindex="0"><label for="choice-input-nps-question-1">1</label></answer-choice><answer-choice id="choice-container-nps-question-2"><input id="choice-input-nps-question-2" type="radio" class="range-option" name="nps-question" value="2" tabindex="0"><label for="choice-input-nps-question-2">2</label></answer-choice><answer-choice id="choice-container-nps-question-3"><input id="choice-input-nps-question-3" type="radio" class="range-option" name="nps-question" value="3" tabindex="0"><label for="choice-input-nps-question-3">3</label></answer-choice><answer-choice id="choice-container-nps-question-4"><input id="choice-input-nps-question-4" type="radio" class="range-option" name="nps-question" value="4" tabindex="0"><label for="choice-input-nps-question-4">4</label></answer-choice><answer-choice id="choice-container-nps-question-5"><input id="choice-input-nps-question-5" type="radio" class="range-option" name="nps-question" value="5" tabindex="0"><label for="choice-input-nps-question-5">5</label></answer-choice><answer-choice id="choice-container-nps-question-6"><input id="choice-input-nps-question-6" type="radio" class="range-option" name="nps-question" value="6" tabindex="0"><label for="choice-input-nps-question-6">6</label></answer-choice><answer-choice id="choice-container-nps-question-7"><input id="choice-input-nps-question-7" type="radio" class="range-option" name="nps-question" value="7" tabindex="0"><label for="choice-input-nps-question-7">7</label></answer-choice><answer-choice id="choice-container-nps-question-8"><input id="choice-input-nps-question-8" type="radio" class="range-option" name="nps-question" value="8" tabindex="0"><label for="choice-input-nps-question-8">8</label></answer-choice><answer-choice id="choice-container-nps-question-9"><input id="choice-input-nps-question-9" type="radio" class="range-option" name="nps-question" value="9" tabindex="0"><label for="choice-input-nps-question-9">9</label></answer-choice><answer-choice id="choice-container-nps-question-10"><input id="choice-input-nps-question-10" type="radio" class="range-option" name="nps-question" value="10" tabindex="0"><label for="choice-input-nps-question-10">10</label></answer-choice></answer-choices></fieldset><answer-choice-labels><answer-min-label>Not at all likely</answer-min-label><answer-max-label>Extremely likely</answer-max-label></answer-choice-labels></answer-choice-container></question><button type="button" class="submit" title="Submit" tabindex="0">Submit</button><apptentive-errors class="apptentive-errors" style="display: none;"></apptentive-errors></div></form><apptentive-survey-thank-you style="display: none;" class="apptentive-message"><div class="apptentive-message__content-wrapper"><p class="apptentive-message__content">Thank you!</p></div><div class="apptentive-message__actions"><button class="apptentive-button--primary" title="Close">Close</button></div></apptentive-survey-thank-you><footer class="apptentive-survey-footer"><a class="apptentive-survey-footer__link" href="Contact Us!" target="_blank">http://www.apptentive.com/</a></footer></apptentive-survey>"`;

exports[`#render: should render a DOM element on the page without branding 1`] = `"<apptentive-survey class="fixed corner" id="apptentive-survey-survey-id-1" role="dialog"><div class="apptentive-appbar"><div class="apptentive-appbar__icon"></div><h1 class="apptentive-appbar__title" tabindex="0">test survey</h1><div class="apptentive-appbar__actions"><div class="apptentive-appbar__action apptentive-appbar__action--minimize" id="test-survey__action--minimize" style="width: 32px; height: 32px;" role="button" aria-label="minimize" tabindex="0"></div><div class="apptentive-appbar__action apptentive-appbar__action--close" id="test-survey__action--close" style="width: 32px; height: 32px;" role="button" aria-label="close" tabindex="0"></div></div></div><div class="apptentive-interaction__confirm-wrapper closed"></div><form class="apptentive-survey-questions apptentive-survey-questions--list" action="https://apptentive.com"><div class="apptentive-survey__question-wrapper"><div class="apptentive-survey-intro"></div><question class="apptentive-survey-question multichoice" id="question-multichoice-question"><h2 class="apptentive-survey-question-value">Which would you like to see first?</h2><question-instructions>(select one)</question-instructions><fieldset><legend>Options</legend><answer-choices><answer-choice id="choice-container-multichoice-answer-1"><input id="choice-input-multichoice-answer-1" class="multichoice" type="radio" name="multichoice-question" value="multichoice-answer-1" title="Better user interface" tabindex="0"><label for="choice-input-multichoice-answer-1">Better user interface</label></answer-choice><answer-choice id="choice-container-multichoice-answer-2"><input id="choice-input-multichoice-answer-2" class="multichoice" type="radio" name="multichoice-question" value="multichoice-answer-2" title="Cloud support" tabindex="0"><label for="choice-input-multichoice-answer-2">Cloud support</label></answer-choice><answer-choice id="choice-container-multichoice-answer-3"><input id="choice-input-multichoice-answer-3" class="multichoice" type="radio" name="multichoice-question" value="multichoice-answer-3" title="Login with Facebook / Google / Twitter" tabindex="0"><label for="choice-input-multichoice-answer-3">Login with Facebook / Google / Twitter</label></answer-choice><answer-choice id="choice-container-multichoice-answer-other"><input id="choice-input-multichoice-answer-other" class="multichoice" type="radio" name="multichoice-question" value="multichoice-answer-other" title="Other (Please Specify)" tabindex="0"><input class="other-input" id="choice-other-input-multichoice-answer-other" type="text" name="multichoice-question-other" title="Other (Please Specify)" tabindex="0" placeholder="Other (Please Specify)"></answer-choice></answer-choices></fieldset></question><question class="apptentive-survey-question multiselect" id="question-multiselect-question"><h2 class="apptentive-survey-question-value">Which two qualities for an app are the most important to you?</h2><question-instructions>Required (select up to 2)</question-instructions><fieldset><legend>Options</legend><answer-choices><answer-choice id="choice-container-multiselect-answer-1"><input id="choice-input-multiselect-answer-1" class="multiselect" type="checkbox" name="multiselect-question" value="multiselect-answer-1" title="Speed" tabindex="0"><label for="choice-input-multiselect-answer-1">Speed</label></answer-choice><answer-choice id="choice-container-multiselect-answer-2"><input id="choice-input-multiselect-answer-2" class="multiselect" type="checkbox" name="multiselect-question" value="multiselect-answer-2" title="Easy to use" tabindex="0"><label for="choice-input-multiselect-answer-2">Easy to use</label></answer-choice><answer-choice id="choice-container-multiselect-answer-3"><input id="choice-input-multiselect-answer-3" class="multiselect" type="checkbox" name="multiselect-question" value="multiselect-answer-3" title="Reliability" tabindex="0"><label for="choice-input-multiselect-answer-3">Reliability</label></answer-choice><answer-choice id="choice-container-multiselect-answer-4"><input id="choice-input-multiselect-answer-4" class="multiselect" type="checkbox" name="multiselect-question" value="multiselect-answer-4" title="Works offline" tabindex="0"><label for="choice-input-multiselect-answer-4">Works offline</label></answer-choice><answer-choice id="choice-container-multiselect-answer-other"><input id="choice-input-multiselect-answer-other" class="multiselect" type="checkbox" name="multiselect-question" value="multiselect-answer-other" title="Other (Please Specify)" tabindex="0"><input class="other-input" id="choice-other-input-multiselect-answer-other" type="text" name="multiselect-question-other" title="Other (Please Specify)" tabindex="0" placeholder="Other (Please Specify)"></answer-choice></answer-choices></fieldset></question><question class="apptentive-survey-question singleline" id="question-singleline-question"><h2 class="apptentive-survey-question-value">Is there anything you'd like to add?</h2><question-instructions></question-instructions><answer-choices><answer-choice class="choice-container"><input type="text" class="singleline" name="singleline-question" title="Is there anything you'd like to add?" tabindex="0" aria-label="Is there anything you'd like to add?" placeholder="Enter any feedback you have"></answer-choice></answer-choices></question><question class="apptentive-survey-question singleline" id="question-multiline-question"><h2 class="apptentive-survey-question-value">Is there anything you'd like to add?</h2><question-instructions></question-instructions><answer-choices><answer-choice class="choice-container"><textarea rows="4" class="singleline" name="multiline-question" title="Is there anything you'd like to add?" tabindex="0" aria-label="Is there anything you'd like to add?"></textarea></answer-choice></answer-choices></question><question class="apptentive-survey-question nps" id="question-nps-question"><h2 class="apptentive-survey-question-value">How likely is it that you would recommend this app to a friend or colleague?</h2><question-instructions></question-instructions><answer-choice-container><fieldset><legend>Options</legend><answer-choices><answer-choice id="choice-container-nps-question-0"><input id="choice-input-nps-question-0" type="radio" class="range-option" name="nps-question" value="0" tabindex="0"><label for="choice-input-nps-question-0">0</label></answer-choice><answer-choice id="choice-container-nps-question-1"><input id="choice-input-nps-question-1" type="radio" class="range-option" name="nps-question" value="1" tabindex="0"><label for="choice-input-nps-question-1">1</label></answer-choice><answer-choice id="choice-container-nps-question-2"><input id="choice-input-nps-question-2" type="radio" class="range-option" name="nps-question" value="2" tabindex="0"><label for="choice-input-nps-question-2">2</label></answer-choice><answer-choice id="choice-container-nps-question-3"><input id="choice-input-nps-question-3" type="radio" class="range-option" name="nps-question" value="3" tabindex="0"><label for="choice-input-nps-question-3">3</label></answer-choice><answer-choice id="choice-container-nps-question-4"><input id="choice-input-nps-question-4" type="radio" class="range-option" name="nps-question" value="4" tabindex="0"><label for="choice-input-nps-question-4">4</label></answer-choice><answer-choice id="choice-container-nps-question-5"><input id="choice-input-nps-question-5" type="radio" class="range-option" name="nps-question" value="5" tabindex="0"><label for="choice-input-nps-question-5">5</label></answer-choice><answer-choice id="choice-container-nps-question-6"><input id="choice-input-nps-question-6" type="radio" class="range-option" name="nps-question" value="6" tabindex="0"><label for="choice-input-nps-question-6">6</label></answer-choice><answer-choice id="choice-container-nps-question-7"><input id="choice-input-nps-question-7" type="radio" class="range-option" name="nps-question" value="7" tabindex="0"><label for="choice-input-nps-question-7">7</label></answer-choice><answer-choice id="choice-container-nps-question-8"><input id="choice-input-nps-question-8" type="radio" class="range-option" name="nps-question" value="8" tabindex="0"><label for="choice-input-nps-question-8">8</label></answer-choice><answer-choice id="choice-container-nps-question-9"><input id="choice-input-nps-question-9" type="radio" class="range-option" name="nps-question" value="9" tabindex="0"><label for="choice-input-nps-question-9">9</label></answer-choice><answer-choice id="choice-container-nps-question-10"><input id="choice-input-nps-question-10" type="radio" class="range-option" name="nps-question" value="10" tabindex="0"><label for="choice-input-nps-question-10">10</label></answer-choice></answer-choices></fieldset><answer-choice-labels><answer-min-label>Not at all likely</answer-min-label><answer-max-label>Extremely likely</answer-max-label></answer-choice-labels></answer-choice-container></question><button type="button" class="submit" title="Submit" tabindex="0">Submit</button><apptentive-errors class="apptentive-errors" style="display: none;"></apptentive-errors></div></form><apptentive-survey-thank-you style="display: none;" class="apptentive-message"><div class="apptentive-message__content-wrapper"><p class="apptentive-message__content">Thank you!</p></div><div class="apptentive-message__actions"><button class="apptentive-button--primary" title="Close">Close</button></div></apptentive-survey-thank-you><footer class="apptentive-survey-footer"><a class="apptentive-survey-footer__link" href="Contact Us!" target="_blank">http://www.apptentive.com/</a></footer></apptentive-survey>"`;
