// Jest Snapshot v1, https://goo.gl/fbAQLP

exports[`renderFooter properly renders footer 1`] = `
<footer
  class="apptentive-footer"
/>
`;
