// Jest Snapshot v1, https://goo.gl/fbAQLP

exports[`renderConfirmBlock properly renders confirm block 1`] = `
<apptentive-message-center
  class="fixed corner"
  id="apptentive-message-center-55bae8ef35878bc3c6000582"
>
  <div
    class="apptentive-appbar"
  >
    <div
      class="apptentive-appbar__icon"
    />
    <h1
      class="apptentive-appbar__title"
      tabindex="0"
    >
      Message Center
    </h1>
    <div
      class="apptentive-appbar__actions"
    >
      <div
        aria-label="minimize"
        class="apptentive-appbar__action apptentive-appbar__action--minimize"
        id="message-center__action--minimize"
        role="button"
        style="width: 32px; height: 32px;"
        tabindex="0"
      />
      <div
        aria-label="close"
        class="apptentive-appbar__action apptentive-appbar__action--close"
        id="message-center__action--close"
        role="button"
        style="width: 32px; height: 32px;"
        tabindex="0"
      />
    </div>
  </div>
  <div
    class="apptentive-interaction__confirm-wrapper opened"
  >
    <span>
      Progress will be lost. Would you like to exit?
    </span>
    <button
      class="apptentive-interaction__confirm-wrapper__ok"
    >
      OK
    </button>
    <button
      class="apptentive-interaction__confirm-wrapper__cancel"
    >
      CANCEL
    </button>
  </div>
  <div
    class="apptentive-message-center__content"
  >
    <div
      class="apptentive-intro"
    >
      <p
        class="apptentive-typography__lead"
      >
        Please let us know how to make Apptentive better for you!
      </p>
    </div>
    <div
      class="apptentive-message-center-greeting"
    >
      <h2
        class="apptentive-message-center-greeting__title apptentive-typography__header"
      >
        Hello!
      </h2>
      <p
        class="apptentive-typography__body"
      >
        We'd love to get feedback from you on our app. The more details you can provide, the better.
      </p>
    </div>
    <div
      class="apptentive-message-center-feedback"
    >
      <textarea
        class="apptentive-textinput"
        name="response"
        placeholder="Please leave detailed feedback"
        required=""
        rows="4"
      />
    </div>
    <div
      class="apptentive-message-center-profile"
    >
      <h2
        class="apptentive-message-center-profile__title apptentive-typography__body"
      >
        Who are we speaking with?
      </h2>
      <label
        class="apptentive-message-center-profile__name"
      >
        <input
          class="apptentive-textinput"
          placeholder="Name"
          type="text"
        />
      </label>
      <label
        class="apptentive-message-center-profile__email"
      >
        <input
          class="apptentive-textinput"
          placeholder="Email"
          required=""
          type="email"
        />
      </label>
    </div>
    <div
      class="apptentive-message-center__actions"
    >
      <button
        class="apptentive-button--primary"
        type="button"
      >
        Send
      </button>
      <apptentive-errors
        class="apptentive-errors"
        style="display: none;"
      />
    </div>
    <div
      class="apptentive-interaction__overlay"
    />
  </div>
  <apptentive-message-center-thank-you
    class="apptentive-message"
    style="display: none;"
  >
    <div
      class="apptentive-message__content-wrapper"
    >
      <p
        class="apptentive-message__content"
      >
        We will get back to you soon!
      </p>
    </div>
    <div
      class="apptentive-message__actions"
    >
      <button
        class="apptentive-button--primary"
        title="Close"
      >
        Close
      </button>
    </div>
  </apptentive-message-center-thank-you>
  <footer
    class="apptentive-footer"
  />
</apptentive-message-center>
`;
